[2026-09-12 14:36:29] [Client:0] [SERVER_STARTED] [SYSTEM] Server started successfully
[2026-09-12 14:36:30] [Client:1] [CLIENT_CONNECTED] [SYSTEM] Client connected
[2026-09-12 14:36:30] [Client:2] [CLIENT_CONNECTED] [SYSTEM] Client connected
[2026-09-12 14:36:30] [Client:3] [CLIENT_CONNECTED] [SYSTEM] Client connected
[2026-09-12 14:36:31] [Client:4] [CLIENT_CONNECTED] [SYSTEM] Client connected
[2026-09-12 14:36:31] [Client:5] [CLIENT_CONNECTED] [SYSTEM] Client connected
[2026-09-12 14:36:31] [Client:1] [REQUEST_RECEIVED] [MULTIPLICATION] Multiplication request received
[2026-09-12 14:36:31] [Client:2] [REQUEST_RECEIVED] [MULTIPLICATION] Multiplication request received
[2026-09-12 14:36:32] [Client:3] [REQUEST_RECEIVED] [MULTIPLICATION] Multiplication request received
[2026-09-12 14:36:32] [Client:4] [REQUEST_RECEIVED] [MULTIPLICATION] Multiplication request received
[2026-09-12 14:36:32] [Client:5] [REQUEST_RECEIVED] [MULTIPLICATION] Multiplication request received
[2026-09-12 14:36:33] [Client:1] [WORKER_CREATED] [MULTIPLICATION] Multiplication worker started
[2026-09-12 14:36:33] [Client:2] [WORKER_CREATED] [MULTIPLICATION] Multiplication worker started
[2026-09-12 14:36:33] [Client:3] [WORKER_CREATED] [MULTIPLICATION] Multiplication worker started
[2026-09-12 14:36:33] [Client:4] [WORKER_CREATED] [MULTIPLICATION] Multiplication worker started
[2026-09-12 14:36:34] [Client:5] [WORKER_CREATED] [MULTIPLICATION] Multiplication worker started
[2026-09-12 14:37:39] [Client:0] [SERVER_STARTED] [SYSTEM] Server started successfully
[2026-09-12 14:37:40] [Client:1] [CLIENT_CONNECTED] [SYSTEM] Client connected
[2026-09-12 14:37:40] [Client:3] [CLIENT_CONNECTED] [SYSTEM] Client connected
[2026-09-12 14:37:40] [Client:2] [CLIENT_CONNECTED] [SYSTEM] Client connected
[2026-09-12 14:37:41] [Client:4] [CLIENT_CONNECTED] [SYSTEM] Client connected
[2026-09-12 14:37:41] [Client:5] [CLIENT_CONNECTED] [SYSTEM] Client connected
[2026-09-12 14:37:41] [Client:1] [REQUEST_RECEIVED] [MULTIPLICATION] Multiplication request received
[2026-09-12 14:37:41] [Client:3] [REQUEST_RECEIVED] [MULTIPLICATION] Multiplication request received
[2026-09-12 14:37:42] [Client:2] [REQUEST_RECEIVED] [MULTIPLICATION] Multiplication request received
[2026-09-12 14:37:48] [Client:4] [REQUEST_RECEIVED] [MULTIPLICATION] Multiplication request received
[2026-09-12 14:37:48] [Client:5] [REQUEST_RECEIVED] [MULTIPLICATION] Multiplication request received
[2026-09-12 14:37:48] [Client:1] [WORKER_CREATED] [MULTIPLICATION] Multiplication worker started
[2026-09-12 14:37:49] [Client:3] [WORKER_CREATED] [MULTIPLICATION] Multiplication worker started
[2026-09-12 14:37:49] [Client:2] [WORKER_CREATED] [MULTIPLICATION] Multiplication worker started
[2026-09-12 14:37:49] [Client:4] [WORKER_CREATED] [MULTIPLICATION] Multiplication worker started
[2026-09-12 14:37:49] [Client:5] [WORKER_CREATED] [MULTIPLICATION] Multiplication worker started
[2026-09-12 14:38:06] [Client:0] [SERVER_STARTED] [SYSTEM] Server started successfully
[2026-09-12 14:38:24] [Client:1] [CLIENT_CONNECTED] [SYSTEM] Client connected
[2026-09-12 14:38:40] [Client:1] [REQUEST_RECEIVED] [MULTIPLICATION] Multiplication request received
[2026-09-12 14:38:40] [Client:1] [WORKER_CREATED] [MULTIPLICATION] Multiplication worker started
[2026-09-12 14:38:40] [Client:1] [WORKER_CREATED] [MULTIPLICATION] Multiplication worker started
[2026-09-12 14:38:40] [Client:1] [OPERATION_COMPLETED] [MULTIPLICATION] Multiplication completed
[2026-09-12 14:38:45] [Client:1] [CLIENT_DISCONNECTED] [SYSTEM] Client disconnected
[2026-09-12 14:39:17] [Client:0] [SERVER_STARTED] [SYSTEM] Server started successfully
[2026-09-12 14:39:18] [Client:1] [CLIENT_CONNECTED] [SYSTEM] Client connected
[2026-09-12 14:39:18] [Client:2] [CLIENT_CONNECTED] [SYSTEM] Client connected
[2026-09-12 14:39:18] [Client:3] [CLIENT_CONNECTED] [SYSTEM] Client connected
[2026-09-12 14:39:19] [Client:4] [CLIENT_CONNECTED] [SYSTEM] Client connected
[2026-09-12 14:39:19] [Client:5] [CLIENT_CONNECTED] [SYSTEM] Client connected
[2026-09-12 14:39:19] [Client:1] [REQUEST_RECEIVED] [MULTIPLICATION] Multiplication request received
[2026-09-12 14:39:19] [Client:2] [REQUEST_RECEIVED] [MULTIPLICATION] Multiplication request received
[2026-09-12 14:39:19] [Client:3] [REQUEST_RECEIVED] [MULTIPLICATION] Multiplication request received
[2026-09-12 14:39:20] [Client:4] [REQUEST_RECEIVED] [MULTIPLICATION] Multiplication request received
[2026-09-12 14:39:20] [Client:5] [REQUEST_RECEIVED] [MULTIPLICATION] Multiplication request received
[2026-09-12 14:39:20] [Client:1] [WORKER_CREATED] [MULTIPLICATION] Multiplication worker started
[2026-09-12 14:39:20] [Client:2] [WORKER_CREATED] [MULTIPLICATION] Multiplication worker started
[2026-09-12 14:39:21] [Client:3] [WORKER_CREATED] [MULTIPLICATION] Multiplication worker started
[2026-09-12 14:39:21] [Client:4] [WORKER_CREATED] [MULTIPLICATION] Multiplication worker started
[2026-09-12 14:39:21] [Client:5] [WORKER_CREATED] [MULTIPLICATION] Multiplication worker started
[2026-09-12 14:44:48] [Client:0] [SERVER_STARTED] [SYSTEM] Server started successfully
[2026-09-12 14:44:49] [Client:1] [CLIENT_CONNECTED] [SYSTEM] Client connected
[2026-09-12 14:44:49] [Client:2] [CLIENT_CONNECTED] [SYSTEM] Client connected
[2026-09-12 14:44:49] [Client:3] [CLIENT_CONNECTED] [SYSTEM] Client connected
[2026-09-12 14:44:50] [Client:5] [CLIENT_CONNECTED] [SYSTEM] Client connected
[2026-09-12 14:44:50] [Client:4] [CLIENT_CONNECTED] [SYSTEM] Client connected
[2026-09-12 14:44:50] [Client:1] [REQUEST_RECEIVED] [MULTIPLICATION] Multiplication request received
[2026-09-12 14:44:50] [Client:2] [REQUEST_RECEIVED] [MULTIPLICATION] Multiplication request received
[2026-09-12 14:44:51] [Client:3] [REQUEST_RECEIVED] [MULTIPLICATION] Multiplication request received
[2026-09-12 14:44:51] [Client:5] [REQUEST_RECEIVED] [MULTIPLICATION] Multiplication request received
[2026-09-12 14:44:51] [Client:4] [REQUEST_RECEIVED] [MULTIPLICATION] Multiplication request received
[2026-09-12 14:44:51] [Client:1] [WORKER_CREATED] [MULTIPLICATION] Multiplication worker started
[2026-09-12 14:44:52] [Client:2] [WORKER_CREATED] [MULTIPLICATION] Multiplication worker started
[2026-09-12 14:44:52] [Client:3] [WORKER_CREATED] [MULTIPLICATION] Multiplication worker started
[2026-09-12 14:44:52] [Client:5] [WORKER_CREATED] [MULTIPLICATION] Multiplication worker started
[2026-09-12 14:44:52] [Client:4] [WORKER_CREATED] [MULTIPLICATION] Multiplication worker started
[2026-09-12 14:46:02] [Client:0] [SERVER_STARTED] [SYSTEM] Server started successfully
[2026-09-12 14:46:03] [Client:1] [CLIENT_CONNECTED] [SYSTEM] Client connected
[2026-09-12 14:46:03] [Client:2] [CLIENT_CONNECTED] [SYSTEM] Client connected
[2026-09-12 14:46:03] [Client:3] [CLIENT_CONNECTED] [SYSTEM] Client connected
[2026-09-12 14:46:04] [Client:4] [CLIENT_CONNECTED] [SYSTEM] Client connected
[2026-09-12 14:46:04] [Client:5] [CLIENT_CONNECTED] [SYSTEM] Client connected
[2026-09-12 14:46:04] [Client:1] [REQUEST_RECEIVED] [MULTIPLICATION] Multiplication request received
[2026-09-12 14:46:05] [Client:2] [REQUEST_RECEIVED] [MULTIPLICATION] Multiplication request received
[2026-09-12 14:46:05] [Client:3] [REQUEST_RECEIVED] [MULTIPLICATION] Multiplication request received
[2026-09-12 14:46:05] [Client:4] [REQUEST_RECEIVED] [MULTIPLICATION] Multiplication request received
[2026-09-12 14:46:05] [Client:5] [REQUEST_RECEIVED] [MULTIPLICATION] Multiplication request received
[2026-09-12 14:46:06] [Client:1] [WORKER_CREATED] [MULTIPLICATION] Multiplication worker started
[2026-09-12 14:46:06] [Client:2] [WORKER_CREATED] [MULTIPLICATION] Multiplication worker started
[2026-09-12 14:46:06] [Client:3] [WORKER_CREATED] [MULTIPLICATION] Multiplication worker started
[2026-09-12 14:46:07] [Client:4] [WORKER_CREATED] [MULTIPLICATION] Multiplication worker started
[2026-09-12 14:46:07] [Client:5] [WORKER_CREATED] [MULTIPLICATION] Multiplication worker started
[2026-09-12 14:47:20] [Client:0] [SERVER_STARTED] [SYSTEM] Server started successfully
[2026-09-12 14:47:21] [Client:1] [CLIENT_CONNECTED] [SYSTEM] Client connected
[2026-09-12 14:47:21] [Client:1] [REQUEST_RECEIVED] [MULTIPLICATION] Multiplication request received
[2026-09-12 14:47:21] [Client:1] [WORKER_CREATED] [MULTIPLICATION] Multiplication worker started
[2026-09-12 14:47:22] [Client:1] [WORKER_CREATED] [MULTIPLICATION] Multiplication worker started
[2026-09-12 14:47:22] [Client:1] [OPERATION_COMPLETED] [MULTIPLICATION] Multiplication completed
[2026-09-12 14:47:22] [Client:1] [CLIENT_DISCONNECTED] [SYSTEM] Client disconnected
[2026-09-12 14:48:37] [Client:0] [SERVER_STARTED] [SYSTEM] Server started successfully
[2026-09-12 14:48:38] [Client:1] [CLIENT_CONNECTED] [SYSTEM] Client connected
[2026-09-12 14:48:38] [Client:1] [REQUEST_RECEIVED] [MULTIPLICATION] Multiplication request received
[2026-09-12 14:48:39] [Client:1] [WORKER_CREATED] [MULTIPLICATION] Multiplication worker started
[2026-09-12 14:48:39] [Client:1] [WORKER_CREATED] [MULTIPLICATION] Multiplication worker started
[2026-09-12 14:48:39] [Client:1] [OPERATION_COMPLETED] [MULTIPLICATION] Multiplication completed
[2026-09-12 14:48:45] [Client:1] [CLIENT_DISCONNECTED] [SYSTEM] Client disconnected
[2026-09-12 14:49:00] [Client:0] [SERVER_STARTED] [SYSTEM] Server started successfully
[2026-09-12 14:53:32] [Client:0] [SERVER_STARTED] [SYSTEM] Server started successfully
[2026-09-12 14:53:33] [Client:1] [CLIENT_CONNECTED] [SYSTEM] Client connected
[2026-09-12 14:53:33] [Client:1] [REQUEST_RECEIVED] [MULTIPLICATION] Multiplication request received
[2026-09-12 14:53:33] [Client:1] [WORKER_CREATED] [MULTIPLICATION] Multiplication worker started
[2026-09-12 14:53:34] [Client:1] [WORKER_CREATED] [MULTIPLICATION] Multiplication worker started
[2026-09-12 14:53:34] [Client:1] [OPERATION_COMPLETED] [MULTIPLICATION] Multiplication completed
[2026-09-12 14:54:29] [Client:0] [SERVER_STARTED] [SYSTEM] Server started successfully
[2026-09-12 14:54:31] [Client:1] [CLIENT_CONNECTED] [SYSTEM] Client connected
[2026-09-12 14:54:31] [Client:2] [CLIENT_CONNECTED] [SYSTEM] Client connected
[2026-09-12 14:54:31] [Client:3] [CLIENT_CONNECTED] [SYSTEM] Client connected
[2026-09-12 14:54:31] [Client:4] [CLIENT_CONNECTED] [SYSTEM] Client connected
[2026-09-12 14:54:31] [Client:5] [CLIENT_CONNECTED] [SYSTEM] Client connected
[2026-09-12 14:54:37] [Client:1] [REQUEST_RECEIVED] [MULTIPLICATION] Multiplication request received
[2026-09-12 14:54:37] [Client:2] [REQUEST_RECEIVED] [MULTIPLICATION] Multiplication request received
[2026-09-12 14:54:37] [Client:3] [REQUEST_RECEIVED] [MULTIPLICATION] Multiplication request received
[2026-09-12 14:54:38] [Client:4] [REQUEST_RECEIVED] [MULTIPLICATION] Multiplication request received
[2026-09-12 14:54:38] [Client:5] [REQUEST_RECEIVED] [MULTIPLICATION] Multiplication request received
[2026-09-12 14:54:38] [Client:1] [WORKER_CREATED] [MULTIPLICATION] Multiplication worker started
[2026-09-12 14:54:38] [Client:2] [WORKER_CREATED] [MULTIPLICATION] Multiplication worker started
[2026-09-12 14:54:38] [Client:3] [WORKER_CREATED] [MULTIPLICATION] Multiplication worker started
[2026-09-12 14:54:39] [Client:4] [WORKER_CREATED] [MULTIPLICATION] Multiplication worker started
[2026-09-12 14:54:39] [Client:5] [WORKER_CREATED] [MULTIPLICATION] Multiplication worker started
[2026-09-12 14:56:35] [Client:0] [SERVER_STARTED] [SYSTEM] Server started successfully
[2026-09-12 14:56:36] [Client:1] [CLIENT_CONNECTED] [SYSTEM] Client connected
[2026-09-12 14:56:36] [Client:2] [CLIENT_CONNECTED] [SYSTEM] Client connected
[2026-09-12 14:56:37] [Client:1] [REQUEST_RECEIVED] [MULTIPLICATION] Multiplication request received
[2026-09-12 14:56:43] [Client:2] [REQUEST_RECEIVED] [MULTIPLICATION] Multiplication request received
[2026-09-12 14:56:43] [Client:1] [WORKER_CREATED] [MULTIPLICATION] Multiplication worker started
[2026-09-12 14:56:43] [Client:2] [WORKER_CREATED] [MULTIPLICATION] Multiplication worker started
[2026-09-12 14:57:16] [Client:0] [SERVER_STARTED] [SYSTEM] Server started successfully
[2026-09-12 14:57:26] [Client:0] [SERVER_STARTED] [SYSTEM] Server started successfully
[2026-09-12 14:58:26] [Client:0] [SERVER_STARTED] [SYSTEM] Server started successfully
[2026-09-12 14:58:28] [Client:1] [CLIENT_CONNECTED] [SYSTEM] Client connected
[2026-09-12 14:58:28] [Client:2] [CLIENT_CONNECTED] [SYSTEM] Client connected
[2026-09-12 14:58:28] [Client:3] [CLIENT_CONNECTED] [SYSTEM] Client connected
[2026-09-12 14:58:34] [Client:4] [CLIENT_CONNECTED] [SYSTEM] Client connected
[2026-09-12 14:58:34] [Client:5] [CLIENT_CONNECTED] [SYSTEM] Client connected
[2026-09-12 14:58:35] [Client:1] [REQUEST_RECEIVED] [MULTIPLICATION] Multiplication request received
[2026-09-12 14:58:35] [Client:2] [REQUEST_RECEIVED] [MULTIPLICATION] Multiplication request received
[2026-09-12 14:58:35] [Client:3] [REQUEST_RECEIVED] [MULTIPLICATION] Multiplication request received
[2026-09-12 14:58:35] [Client:4] [REQUEST_RECEIVED] [MULTIPLICATION] Multiplication request received
[2026-09-12 14:58:35] [Client:5] [REQUEST_RECEIVED] [MULTIPLICATION] Multiplication request received
[2026-09-12 14:58:36] [Client:1] [WORKER_CREATED] [MULTIPLICATION] Multiplication worker started
[2026-09-12 14:58:36] [Client:2] [WORKER_CREATED] [MULTIPLICATION] Multiplication worker started
[2026-09-12 14:58:36] [Client:3] [WORKER_CREATED] [MULTIPLICATION] Multiplication worker started
[2026-09-12 14:58:36] [Client:4] [WORKER_CREATED] [MULTIPLICATION] Multiplication worker started
[2026-09-12 14:58:37] [Client:5] [WORKER_CREATED] [MULTIPLICATION] Multiplication worker started
[2026-09-12 14:58:55] [Client:0] [SERVER_STARTED] [SYSTEM] Server started successfully
[2026-09-12 14:59:56] [Client:0] [SERVER_STARTED] [SYSTEM] Server started successfully
[2026-09-12 14:59:57] [Client:1] [CLIENT_CONNECTED] [SYSTEM] Client connected
[2026-09-12 14:59:57] [Client:1] [REQUEST_RECEIVED] [MULTIPLICATION] Multiplication request received
[2026-09-12 14:59:58] [Client:1] [WORKER_CREATED] [MULTIPLICATION] Multiplication worker started
[2026-09-12 14:59:58] [Client:1] [WORKER_CREATED] [MULTIPLICATION] Multiplication worker started
[2026-09-12 14:59:58] [Client:1] [OPERATION_COMPLETED] [MULTIPLICATION] Multiplication completed
[2026-09-12 14:59:58] [Client:1] [CLIENT_DISCONNECTED] [SYSTEM] Client disconnected
[2026-09-12 15:00:25] [Client:0] [SERVER_STARTED] [SYSTEM] Server started successfully
[2026-09-12 15:00:26] [Client:1] [CLIENT_CONNECTED] [SYSTEM] Client connected
[2026-09-12 15:00:26] [Client:2] [CLIENT_CONNECTED] [SYSTEM] Client connected
[2026-09-12 15:00:26] [Client:3] [CLIENT_CONNECTED] [SYSTEM] Client connected
[2026-09-12 15:00:26] [Client:4] [CLIENT_CONNECTED] [SYSTEM] Client connected
[2026-09-12 15:00:27] [Client:5] [CLIENT_CONNECTED] [SYSTEM] Client connected
[2026-09-12 15:00:27] [Client:1] [REQUEST_RECEIVED] [MULTIPLICATION] Multiplication request received
[2026-09-12 15:00:27] [Client:2] [REQUEST_RECEIVED] [MULTIPLICATION] Multiplication request received
[2026-09-12 15:00:27] [Client:3] [REQUEST_RECEIVED] [MULTIPLICATION] Multiplication request received
[2026-09-12 15:00:28] [Client:4] [REQUEST_RECEIVED] [MULTIPLICATION] Multiplication request received
[2026-09-12 15:00:28] [Client:5] [REQUEST_RECEIVED] [MULTIPLICATION] Multiplication request received
[2026-09-12 15:00:28] [Client:1] [WORKER_CREATED] [MULTIPLICATION] Multiplication worker started
[2026-09-12 15:00:28] [Client:2] [WORKER_CREATED] [MULTIPLICATION] Multiplication worker started
[2026-09-12 15:00:29] [Client:3] [WORKER_CREATED] [MULTIPLICATION] Multiplication worker started
[2026-09-12 15:00:29] [Client:4] [WORKER_CREATED] [MULTIPLICATION] Multiplication worker started
[2026-09-12 15:00:29] [Client:5] [WORKER_CREATED] [MULTIPLICATION] Multiplication worker started
[2026-09-12 15:00:46] [Client:0] [SERVER_STARTED] [SYSTEM] Server started successfully
[2026-09-12 15:00:47] [Client:1] [CLIENT_CONNECTED] [SYSTEM] Client connected
[2026-09-12 15:00:48] [Client:1] [REQUEST_RECEIVED] [MULTIPLICATION] Multiplication request received
[2026-09-12 15:00:48] [Client:1] [WORKER_CREATED] [MULTIPLICATION] Multiplication worker started
[2026-09-12 15:00:48] [Client:1] [WORKER_CREATED] [MULTIPLICATION] Multiplication worker started
[2026-09-12 15:00:48] [Client:1] [OPERATION_COMPLETED] [MULTIPLICATION] Multiplication completed
[2026-09-12 18:17:55] [Client:0] [SERVER_STARTED] [SYSTEM] Server started successfully
[2026-09-12 18:17:56] [Client:1] [CLIENT_CONNECTED] [SYSTEM] Client connected
[2026-09-12 18:17:56] [Client:1] [REQUEST_RECEIVED] [MULTIPLICATION] Multiplication request received
[2026-09-12 18:17:56] [Client:1] [WORKER_CREATED] [MULTIPLICATION] Multiplication worker started
[2026-09-12 18:17:56] [Client:1] [WORKER_CREATED] [MULTIPLICATION] Multiplication worker started
[2026-09-12 18:17:56] [Client:1] [OPERATION_COMPLETED] [MULTIPLICATION] Multiplication completed
[2026-09-12 18:17:56] [Client:1] [CLIENT_DISCONNECTED] [SYSTEM] Client disconnected
